2026-01-02 15:34:31,197 - __main__ - INFO - üåê API Server Logging Initialized
2026-01-02 15:34:31,199 - __main__ - INFO - üìù Logs saved to: logs/dq_api_20260102_153431.log
2026-01-02 15:34:31,246 - __main__ - INFO - APP_SETTINGS loaded. Audit enabled: True
2026-01-02 15:34:31,247 - __main__ - INFO - ‚úÖ All DQ modules loaded successfully
2026-01-02 15:34:31,249 - dq_error_log - INFO - ErrorLogger initialized with database: dq_checks
2026-01-02 15:34:31,250 - dq_audit - INFO - Audit class initialized with database: dq_checks
2026-01-02 15:34:31,250 - __main__ - INFO - ‚úÖ ErrorLogger and DataQualityAudit initialized
2026-01-02 15:34:31,257 - __main__ - INFO - üöÄ Starting Data Quality Framework API
2026-01-02 15:34:31,258 - __main__ - INFO - üìä Modules available: True
2026-01-02 15:34:31,258 - __main__ - INFO - üîß Config file mode: False
2026-01-02 15:34:31,259 - __main__ - INFO - üìã Available endpoints:
2026-01-02 15:34:31,260 - __main__ - INFO -   GET  /              - API status
2026-01-02 15:34:31,260 - __main__ - INFO -   GET  /api/health    - Health check
2026-01-02 15:34:31,261 - __main__ - INFO -   POST /api/check-single - Single source analysis
2026-01-02 15:34:31,262 - __main__ - INFO -   POST /api/compare   - Source-target comparison
2026-01-02 15:34:31,262 - __main__ - INFO -   POST /api/upload    - File upload
2026-01-02 15:34:31,263 - __main__ - INFO -   GET  /api/sessions  - List sessions
2026-01-02 15:34:31,263 - __main__ - INFO -   GET  /api/sessions/<id> - Get session data
2026-01-02 15:34:31,264 - __main__ - INFO -   GET  /api/debug-db  - Database debug
2026-01-02 15:34:31,265 - __main__ - INFO - üåç Server starting on 0.0.0.0:5000 (debug=False)
2026-01-02 15:37:25,397 - __main__ - INFO - POST /api/compare - Request started
2026-01-02 15:37:25,398 - __main__ - INFO - Comparison analysis request received
2026-01-02 15:37:25,398 - __main__ - INFO - Starting comparison for session CMP_20260102_153725
2026-01-02 15:37:25,400 - dq_comparison - INFO - Starting comparison analysis in UI mode
2026-01-02 15:37:25,400 - dq_comparison - INFO - LOADING SOURCE AND TARGET DATA
2026-01-02 15:37:25,401 - dq_comparison - INFO - 
==================================================
2026-01-02 15:37:25,401 - dq_comparison - INFO - üîó SOURCE DATA CONFIGURATION
2026-01-02 15:37:25,401 - dq_comparison - INFO - ==================================================
2026-01-02 15:37:25,402 - dq_comparison - INFO - 
üóÑÔ∏è SOURCE DATABASE CONFIGURATION
2026-01-02 15:37:25,402 - dq_comparison - INFO - ----------------------------------------
2026-01-02 15:37:25,403 - dq_comparison - INFO - UI mode: Using provided database configuration for SOURCE
2026-01-02 15:37:25,403 - dq_unified - INFO - Loading data from DATABASE
2026-01-02 15:37:25,403 - dq_unified - INFO - Loading large database table: None
2026-01-02 15:37:25,404 - dq_unified - INFO - Normalized DB config with schema: None
2026-01-02 15:37:25,537 - dq_unified - ERROR - Error loading large database: 1045 (28000): Access denied for user 'ODBC'@'localhost' (using password: NO)
Traceback (most recent call last):
  File "C:\Users\003160\AppData\Local\Programs\Python\Python312\Lib\site-packages\mysql\connector\connection_cext.py", line 334, in _open_connection
    self._cmysql.connect(**cnx_kwargs)
_mysql_connector.MySQLInterfaceError: Access denied for user 'ODBC'@'localhost' (using password: NO)

The above exception was the direct cause of the following exception:

Traceback (most recent call last):
  File "C:\Users\003160\OneDrive - wisseninfotech.com\Documents\DQ-Checks-Shashi\Data_Quality_Framework\dq_unified.py", line 215, in load_large_database
    return LargeDatasetHandler._load_large_mysql(db_config, max_rows)
           ^^^^^^^^^^^^^^^^^^^^^^^^^^^^^^^^^^^^^^^^^^^^^^^^^^^^^^^^^^
  File "C:\Users\003160\OneDrive - wisseninfotech.com\Documents\DQ-Checks-Shashi\Data_Quality_Framework\dq_unified.py", line 311, in _load_large_mysql
    conn = mysql.connector.connect(
           ^^^^^^^^^^^^^^^^^^^^^^^^
  File "C:\Users\003160\AppData\Local\Programs\Python\Python312\Lib\site-packages\mysql\connector\pooling.py", line 322, in connect
    return CMySQLConnection(*args, **kwargs)
           ^^^^^^^^^^^^^^^^^^^^^^^^^^^^^^^^^
  File "C:\Users\003160\AppData\Local\Programs\Python\Python312\Lib\site-packages\mysql\connector\connection_cext.py", line 151, in __init__
    self.connect(**kwargs)
  File "C:\Users\003160\AppData\Local\Programs\Python\Python312\Lib\site-packages\mysql\connector\abstracts.py", line 1399, in connect
    self._open_connection()
  File "C:\Users\003160\AppData\Local\Programs\Python\Python312\Lib\site-packages\mysql\connector\connection_cext.py", line 339, in _open_connection
    raise get_mysql_exception(
mysql.connector.errors.ProgrammingError: 1045 (28000): Access denied for user 'ODBC'@'localhost' (using password: NO)
2026-01-02 15:37:25,553 - dq_unified - ERROR - Error loading data from database: 1045 (28000): Access denied for user 'ODBC'@'localhost' (using password: NO)
Traceback (most recent call last):
  File "C:\Users\003160\AppData\Local\Programs\Python\Python312\Lib\site-packages\mysql\connector\connection_cext.py", line 334, in _open_connection
    self._cmysql.connect(**cnx_kwargs)
_mysql_connector.MySQLInterfaceError: Access denied for user 'ODBC'@'localhost' (using password: NO)

The above exception was the direct cause of the following exception:

Traceback (most recent call last):
  File "C:\Users\003160\OneDrive - wisseninfotech.com\Documents\DQ-Checks-Shashi\Data_Quality_Framework\dq_unified.py", line 1226, in load_data_from_source
    df = LargeDatasetHandler.load_large_database(source_config, max_rows=max_rows)
         ^^^^^^^^^^^^^^^^^^^^^^^^^^^^^^^^^^^^^^^^^^^^^^^^^^^^^^^^^^^^^^^^^^^^^^^^^
  File "C:\Users\003160\OneDrive - wisseninfotech.com\Documents\DQ-Checks-Shashi\Data_Quality_Framework\dq_unified.py", line 215, in load_large_database
    return LargeDatasetHandler._load_large_mysql(db_config, max_rows)
           ^^^^^^^^^^^^^^^^^^^^^^^^^^^^^^^^^^^^^^^^^^^^^^^^^^^^^^^^^^
  File "C:\Users\003160\OneDrive - wisseninfotech.com\Documents\DQ-Checks-Shashi\Data_Quality_Framework\dq_unified.py", line 311, in _load_large_mysql
    conn = mysql.connector.connect(
           ^^^^^^^^^^^^^^^^^^^^^^^^
  File "C:\Users\003160\AppData\Local\Programs\Python\Python312\Lib\site-packages\mysql\connector\pooling.py", line 322, in connect
    return CMySQLConnection(*args, **kwargs)
           ^^^^^^^^^^^^^^^^^^^^^^^^^^^^^^^^^
  File "C:\Users\003160\AppData\Local\Programs\Python\Python312\Lib\site-packages\mysql\connector\connection_cext.py", line 151, in __init__
    self.connect(**kwargs)
  File "C:\Users\003160\AppData\Local\Programs\Python\Python312\Lib\site-packages\mysql\connector\abstracts.py", line 1399, in connect
    self._open_connection()
  File "C:\Users\003160\AppData\Local\Programs\Python\Python312\Lib\site-packages\mysql\connector\connection_cext.py", line 339, in _open_connection
    raise get_mysql_exception(
mysql.connector.errors.ProgrammingError: 1045 (28000): Access denied for user 'ODBC'@'localhost' (using password: NO)
2026-01-02 15:37:25,555 - dq_comparison - ERROR - No data loaded from SOURCE database
2026-01-02 15:37:25,555 - dq_comparison - INFO - 
==================================================
2026-01-02 15:37:25,556 - dq_comparison - INFO - üîó TARGET DATA CONFIGURATION
2026-01-02 15:37:25,557 - dq_comparison - INFO - ==================================================
2026-01-02 15:37:25,557 - dq_comparison - INFO - 
üóÑÔ∏è TARGET DATABASE CONFIGURATION
2026-01-02 15:37:25,558 - dq_comparison - INFO - ----------------------------------------
2026-01-02 15:37:25,558 - dq_comparison - INFO - UI mode: Using provided database configuration for TARGET
2026-01-02 15:37:25,559 - dq_unified - INFO - Loading data from DATABASE
2026-01-02 15:37:25,559 - dq_unified - INFO - Loading large database table: customers
2026-01-02 15:37:25,559 - dq_unified - INFO - Normalized DB config with schema: None
2026-01-02 15:37:25,561 - dq_unified - ERROR - Error loading large database: Unsupported database type: 1
Traceback (most recent call last):
  File "C:\Users\003160\OneDrive - wisseninfotech.com\Documents\DQ-Checks-Shashi\Data_Quality_Framework\dq_unified.py", line 223, in load_large_database
    raise ValueError(f"Unsupported database type: {db_config['type']}")
ValueError: Unsupported database type: 1
2026-01-02 15:37:25,562 - dq_unified - ERROR - Error loading data from database: Unsupported database type: 1
Traceback (most recent call last):
  File "C:\Users\003160\OneDrive - wisseninfotech.com\Documents\DQ-Checks-Shashi\Data_Quality_Framework\dq_unified.py", line 1226, in load_data_from_source
    df = LargeDatasetHandler.load_large_database(source_config, max_rows=max_rows)
         ^^^^^^^^^^^^^^^^^^^^^^^^^^^^^^^^^^^^^^^^^^^^^^^^^^^^^^^^^^^^^^^^^^^^^^^^^
  File "C:\Users\003160\OneDrive - wisseninfotech.com\Documents\DQ-Checks-Shashi\Data_Quality_Framework\dq_unified.py", line 223, in load_large_database
    raise ValueError(f"Unsupported database type: {db_config['type']}")
ValueError: Unsupported database type: 1
2026-01-02 15:37:25,563 - dq_comparison - ERROR - No data loaded from TARGET database
2026-01-02 15:37:25,564 - dq_comparison - ERROR - Failed to load source or target data
2026-01-02 15:37:25,565 - __main__ - WARNING - Comparison completed with errors: Failed to load source or target data
2026-01-02 15:37:25,565 - __main__ - INFO - Completed with status 200 in 0.168s
