2025-12-29 15:53:16,313 - root - INFO - CLI Mode Logging Initialized
2025-12-29 15:53:16,313 - root - INFO - CLI logs will be saved to: logs/dq_framework_20251229_155316.log
2025-12-29 15:53:16,314 - __main__ - INFO - ðŸš€ UNIVERSAL DATA QUALITY FRAMEWORK INITIALIZED
2025-12-29 15:53:16,315 - __main__ - INFO - Starting system resource check
2025-12-29 15:53:16,322 - __main__ - INFO - Total RAM: 15.7 GB
2025-12-29 15:53:16,322 - __main__ - INFO - Available RAM: 2.4 GB
2025-12-29 15:53:16,323 - __main__ - INFO - Memory used: 85.1%
2025-12-29 15:53:16,323 - __main__ - INFO - Memory status: OK
2025-12-29 15:53:16,323 - __main__ - INFO - Free disk space: 260.6 GB
2025-12-29 15:53:16,323 - __main__ - INFO - Disk used: 45.3%
2025-12-29 15:53:16,324 - __main__ - INFO - Disk space: OK
2025-12-29 15:53:16,825 - __main__ - INFO - CPU cores: 8
2025-12-29 15:53:16,825 - __main__ - INFO - CPU usage: 51.3%
2025-12-29 15:53:16,825 - __main__ - INFO - Python version: 3.12.4
2025-12-29 15:53:16,825 - __main__ - INFO - System platform: win32
2025-12-29 15:53:16,826 - __main__ - INFO - User session started at: 2025-12-29 15:53:16.825266
2025-12-29 15:53:16,826 - __main__ - INFO - Displaying main menu options to user
2025-12-29 15:53:18,668 - __main__ - INFO - User selected option: 1
2025-12-29 15:53:18,669 - __main__ - INFO - Starting Single Source Analysis module
2025-12-29 15:53:18,672 - dq_unified - INFO - Starting unified data quality analysis
2025-12-29 15:53:18,673 - dq_unified - INFO - Prompting user for data source type
2025-12-29 15:53:18,673 - dq_unified - INFO - UI Data source_type: No UI data
2025-12-29 15:53:19,931 - dq_unified - INFO - User selected source type: 3
2025-12-29 15:53:19,933 - dq_unified - INFO - Getting database configuration - Dual mode
2025-12-29 15:53:26,518 - dq_unified - INFO - User selected Browse and Select mode
2025-12-29 15:53:26,524 - database_navigator - INFO - DatabaseNavigator initialized
2025-12-29 15:53:26,524 - database_navigator - INFO - Starting database navigation...
2025-12-29 15:53:29,866 - database_navigator - INFO - Database type: postgres
2025-12-29 15:53:29,867 - database_navigator - INFO - Getting database configuration...
2025-12-29 15:53:38,970 - database_navigator - INFO - Connecting to POSTGRES...
2025-12-29 15:53:39,124 - database_navigator - INFO - Successfully connected to POSTGRES!
2025-12-29 15:53:39,150 - database_navigator - INFO - Found 3 databases
2025-12-29 15:53:42,858 - database_navigator - INFO - Selected database: dq_checks
2025-12-29 15:53:42,860 - database_navigator - INFO - Connecting to POSTGRES...
2025-12-29 15:53:42,977 - database_navigator - INFO - Successfully connected to POSTGRES!
2025-12-29 15:53:43,032 - database_navigator - INFO - Found 1 schemas
2025-12-29 15:53:45,052 - database_navigator - INFO - Selected schema: public
2025-12-29 15:53:45,180 - database_navigator - INFO - Found 2 tables in schema 'public'
2025-12-29 15:53:47,462 - database_navigator - INFO - Selected table: employee
2025-12-29 15:53:47,468 - database_navigator - INFO - Selection complete: {'type': 'postgres', 'database': 'dq_checks', 'schema': 'public', 'table': 'employee', 'selection_mode': 'hierarchical', 'host': 'localhost', 'port': '5432', 'user': 'postgres', 'password': 'postgres'}
2025-12-29 15:53:47,469 - dq_unified - INFO - Selected via navigation: dq_checks.public.employee
2025-12-29 15:53:47,469 - dq_unified - INFO - Loading data from DATABASE
2025-12-29 15:53:47,469 - dq_unified - INFO - Loading data from DATABASE
2025-12-29 15:53:47,469 - dq_unified - INFO - Loading large database table: employee
2025-12-29 15:53:47,469 - dq_unified - ERROR - Error loading large database: Unsupported database type: postgres
Traceback (most recent call last):
  File "C:\Users\003160\OneDrive - wisseninfotech.com\Documents\DQ-Checks-Shashi\data_quality_framework-V2\dq_unified.py", line 193, in load_large_database
    raise ValueError(f"Unsupported database type: {db_config['type']}")
ValueError: Unsupported database type: postgres
2025-12-29 15:53:47,473 - dq_unified - ERROR - Error loading data from database: Unsupported database type: postgres
Traceback (most recent call last):
  File "C:\Users\003160\OneDrive - wisseninfotech.com\Documents\DQ-Checks-Shashi\data_quality_framework-V2\dq_unified.py", line 1196, in load_data_from_source
    df = LargeDatasetHandler.load_large_database(source_config, max_rows=max_rows)
         ^^^^^^^^^^^^^^^^^^^^^^^^^^^^^^^^^^^^^^^^^^^^^^^^^^^^^^^^^^^^^^^^^^^^^^^^^
  File "C:\Users\003160\OneDrive - wisseninfotech.com\Documents\DQ-Checks-Shashi\data_quality_framework-V2\dq_unified.py", line 193, in load_large_database
    raise ValueError(f"Unsupported database type: {db_config['type']}")
ValueError: Unsupported database type: postgres
2025-12-29 15:53:47,475 - dq_unified - ERROR - No data loaded or dataset is empty
2025-12-29 15:53:47,475 - __main__ - INFO - Single Source Analysis completed successfully
2025-12-29 15:53:47,477 - __main__ - INFO - Displaying main menu options to user
2025-12-29 15:54:04,769 - __main__ - INFO - User selected option: 1
2025-12-29 15:54:04,770 - __main__ - INFO - Starting Single Source Analysis module
2025-12-29 15:54:04,773 - dq_unified - INFO - Starting unified data quality analysis
2025-12-29 15:54:04,774 - dq_unified - INFO - Prompting user for data source type
2025-12-29 15:54:04,774 - dq_unified - INFO - UI Data source_type: No UI data
2025-12-29 15:54:06,516 - dq_unified - INFO - User selected source type: 3
2025-12-29 15:54:06,516 - dq_unified - INFO - Getting database configuration - Dual mode
2025-12-29 15:54:08,874 - dq_unified - INFO - User selected Browse and Select mode
2025-12-29 15:54:08,881 - database_navigator - INFO - DatabaseNavigator initialized
2025-12-29 15:54:08,882 - database_navigator - INFO - Starting database navigation...
2025-12-29 15:54:11,473 - database_navigator - INFO - Database type: mysql
2025-12-29 15:54:11,474 - database_navigator - INFO - Getting database configuration...
2025-12-29 15:54:14,226 - database_navigator - INFO - Connecting to MYSQL...
2025-12-29 15:54:14,344 - database_navigator - INFO - Successfully connected to MYSQL!
2025-12-29 15:54:14,351 - database_navigator - INFO - Found 13 databases
2025-12-29 15:54:19,782 - database_navigator - INFO - Selected database: dq_checks
2025-12-29 15:54:19,786 - database_navigator - INFO - Found 1 schemas
2025-12-29 15:54:20,998 - database_navigator - INFO - Selected schema: dq_checks
2025-12-29 15:54:21,005 - database_navigator - INFO - Found 6 tables in schema 'dq_checks'
2025-12-29 15:54:32,037 - database_navigator - INFO - Selected table: customers
2025-12-29 15:54:32,045 - database_navigator - INFO - Selection complete: {'type': 'mysql', 'database': 'dq_checks', 'schema': 'dq_checks', 'table': 'customers', 'selection_mode': 'hierarchical', 'host': 'localhost', 'port': '3306', 'user': 'root', 'password': 'root'}
2025-12-29 15:54:32,046 - dq_unified - INFO - Selected via navigation: dq_checks.dq_checks.customers
2025-12-29 15:54:32,047 - dq_unified - INFO - Loading data from DATABASE
2025-12-29 15:54:32,047 - dq_unified - INFO - Loading data from DATABASE
2025-12-29 15:54:32,048 - dq_unified - INFO - Loading large database table: customers
2025-12-29 15:54:32,061 - dq_unified - ERROR - Error loading large database: 1045 (28000): Access denied for user 'root'@'localhost' (using password: NO)
Traceback (most recent call last):
  File "C:\Users\003160\AppData\Local\Programs\Python\Python312\Lib\site-packages\mysql\connector\connection_cext.py", line 334, in _open_connection
    self._cmysql.connect(**cnx_kwargs)
_mysql_connector.MySQLInterfaceError: Access denied for user 'root'@'localhost' (using password: NO)

The above exception was the direct cause of the following exception:

Traceback (most recent call last):
  File "C:\Users\003160\OneDrive - wisseninfotech.com\Documents\DQ-Checks-Shashi\data_quality_framework-V2\dq_unified.py", line 185, in load_large_database
    return LargeDatasetHandler._load_large_mysql(db_config, max_rows)
           ^^^^^^^^^^^^^^^^^^^^^^^^^^^^^^^^^^^^^^^^^^^^^^^^^^^^^^^^^^
  File "C:\Users\003160\OneDrive - wisseninfotech.com\Documents\DQ-Checks-Shashi\data_quality_framework-V2\dq_unified.py", line 281, in _load_large_mysql
    conn = mysql.connector.connect(
           ^^^^^^^^^^^^^^^^^^^^^^^^
  File "C:\Users\003160\AppData\Local\Programs\Python\Python312\Lib\site-packages\mysql\connector\pooling.py", line 322, in connect
    return CMySQLConnection(*args, **kwargs)
           ^^^^^^^^^^^^^^^^^^^^^^^^^^^^^^^^^
  File "C:\Users\003160\AppData\Local\Programs\Python\Python312\Lib\site-packages\mysql\connector\connection_cext.py", line 151, in __init__
    self.connect(**kwargs)
  File "C:\Users\003160\AppData\Local\Programs\Python\Python312\Lib\site-packages\mysql\connector\abstracts.py", line 1399, in connect
    self._open_connection()
  File "C:\Users\003160\AppData\Local\Programs\Python\Python312\Lib\site-packages\mysql\connector\connection_cext.py", line 339, in _open_connection
    raise get_mysql_exception(
mysql.connector.errors.ProgrammingError: 1045 (28000): Access denied for user 'root'@'localhost' (using password: NO)
2025-12-29 15:54:32,069 - dq_unified - ERROR - Error loading data from database: 1045 (28000): Access denied for user 'root'@'localhost' (using password: NO)
Traceback (most recent call last):
  File "C:\Users\003160\AppData\Local\Programs\Python\Python312\Lib\site-packages\mysql\connector\connection_cext.py", line 334, in _open_connection
    self._cmysql.connect(**cnx_kwargs)
_mysql_connector.MySQLInterfaceError: Access denied for user 'root'@'localhost' (using password: NO)

The above exception was the direct cause of the following exception:

Traceback (most recent call last):
  File "C:\Users\003160\OneDrive - wisseninfotech.com\Documents\DQ-Checks-Shashi\data_quality_framework-V2\dq_unified.py", line 1196, in load_data_from_source
    df = LargeDatasetHandler.load_large_database(source_config, max_rows=max_rows)
         ^^^^^^^^^^^^^^^^^^^^^^^^^^^^^^^^^^^^^^^^^^^^^^^^^^^^^^^^^^^^^^^^^^^^^^^^^
  File "C:\Users\003160\OneDrive - wisseninfotech.com\Documents\DQ-Checks-Shashi\data_quality_framework-V2\dq_unified.py", line 185, in load_large_database
    return LargeDatasetHandler._load_large_mysql(db_config, max_rows)
           ^^^^^^^^^^^^^^^^^^^^^^^^^^^^^^^^^^^^^^^^^^^^^^^^^^^^^^^^^^
  File "C:\Users\003160\OneDrive - wisseninfotech.com\Documents\DQ-Checks-Shashi\data_quality_framework-V2\dq_unified.py", line 281, in _load_large_mysql
    conn = mysql.connector.connect(
           ^^^^^^^^^^^^^^^^^^^^^^^^
  File "C:\Users\003160\AppData\Local\Programs\Python\Python312\Lib\site-packages\mysql\connector\pooling.py", line 322, in connect
    return CMySQLConnection(*args, **kwargs)
           ^^^^^^^^^^^^^^^^^^^^^^^^^^^^^^^^^
  File "C:\Users\003160\AppData\Local\Programs\Python\Python312\Lib\site-packages\mysql\connector\connection_cext.py", line 151, in __init__
    self.connect(**kwargs)
  File "C:\Users\003160\AppData\Local\Programs\Python\Python312\Lib\site-packages\mysql\connector\abstracts.py", line 1399, in connect
    self._open_connection()
  File "C:\Users\003160\AppData\Local\Programs\Python\Python312\Lib\site-packages\mysql\connector\connection_cext.py", line 339, in _open_connection
    raise get_mysql_exception(
mysql.connector.errors.ProgrammingError: 1045 (28000): Access denied for user 'root'@'localhost' (using password: NO)
2025-12-29 15:54:32,071 - dq_unified - ERROR - No data loaded or dataset is empty
2025-12-29 15:54:32,072 - __main__ - INFO - Single Source Analysis completed successfully
2025-12-29 15:54:32,072 - __main__ - INFO - Displaying main menu options to user
2025-12-29 15:54:38,316 - __main__ - INFO - User selected option: 6
2025-12-29 15:54:38,317 - __main__ - INFO - User session ended. Duration: 0:01:21.492368
2025-12-29 15:54:38,317 - __main__ - INFO - ðŸ‘‹ Thank you for using Universal Data Quality Framework!
